GET http://127.0.0.1:8080/hello

200 OK
Content-Length: 12
Content-Type: text/plain
Referrer-Policy: strict-origin-when-cross-origin
X-Content-Type-Options: nosniff
X-Download-Options: noopen
X-Frame-Options: SAMEORIGIN
X-Permitted-Cross-Domain-Policies: none
X-XSS-Protection: 1; mode=block

Hello world!
