GET http://localhost:8080/report/2019/3
Authorization: Basic aGVsbG86d29ybGQ=

200 OK
Content-Length: 379
Content-Type: application/json
Referrer-Policy: strict-origin-when-cross-origin
X-Content-Type-Options: nosniff
X-Download-Options: noopen
X-Frame-Options: SAMEORIGIN
X-Permitted-Cross-Domain-Policies: none
X-XSS-Protection: 1; mode=block

[{"createAt":"2019-01-01T00:00:00Z","end":"2018-12-31T12:00:00Z","eventLink":"https:\/\/www.google.com\/calendar\/event?eid=bDZhMjZxNGI2YmJwN2NkaWk4a2ltZDFoYWcgYXBwdW5pdGUuY29tXzU4OW05dnVrOTF2dWJsbDUwamZmY2R1anZzQGc","id":"1","reason":"holiday","requesterEmail":"jan@kowalski.com","requesterName":"Jan Kowlaski","start":"2019-01-01T12:00:00Z","updatedAt":"2019-01-01T00:00:00Z"}]
