▿ 12 elements
  ▿ (2 elements)
    - key: "APP_ENV"
    - value: "testing"
  ▿ (2 elements)
    - key: "BASE_URL"
    - value: "http://localhost:8080"
  ▿ (2 elements)
    - key: "BASIC_AUTH_PASSWORD"
    - value: "password"
  ▿ (2 elements)
    - key: "BASIC_AUTH_USERNAME"
    - value: "absence-bot"
  ▿ (2 elements)
    - key: "DATABASE_URL"
    - value: "postgres://postgres:@localhost:5432/postgres"
  ▿ (2 elements)
    - key: "GOOGLE_CALENDAR_ID"
    - value: "appunite%40group.calendar.google.com"
  ▿ (2 elements)
    - key: "GOOGLE_CLIENT_EMAIL"
    - value: "absencebot@absencebot.iam.gserviceaccount.com"
  ▿ (2 elements)
    - key: "GOOGLE_PRIVATE_KEY"
    - value: "-----BEGIN RSA PRIVATE KEY-----MIIEpAIBAAKCAQEA4wClrl66Gxab3zldb-----END RSA PRIVATE KEY-----\n"
  ▿ (2 elements)
    - key: "PORT"
    - value: "8080"
  ▿ (2 elements)
    - key: "SLACK_ANNOUNCEMENT_CHANNEL"
    - value: "#random"
  ▿ (2 elements)
    - key: "SLACK_AUTH_TOKEN"
    - value: "xoxb-1115164490-464635012382-76zULi9AzSQ2GG7RcAXgVeSi"
  ▿ (2 elements)
    - key: "SLACK_SIGNING_SECRET"
    - value: "a0e2f6c6090d1d3a9ee699c0065c2a3f"
