POST http://localhost:8080/dialogflow
Authorization: Basic aGVsbG86d29ybGQ=

{"session":"projects\/absencebot\/agent\/sessions\/676f5d76-6466-4fa6-9df4-659ba7bad991","queryResult":{"action":"absenceday.absenceday-fill-date","outputContexts":[{"name":"projects\/absencebot\/agent\/sessions\/676f5d76-6466-4fa6-9df4-659ba7bad991\/contexts\/absenceday-followup","parameters":{"date-period":{"endDate":"2019-02-18T14:49:09+00:00","startDate":"2019-02-17T12:00:00+00:00"},"reason":"remote"},"lifespanCount":5}]},"originalDetectIntentRequest":{"payload":{"data":{"event":{"channel":"DDNGJ2SLE","user":"U456V5Q4E"}}}}}

200 OK
Content-Length: 385
Content-Type: application/json
Referrer-Policy: strict-origin-when-cross-origin
X-Content-Type-Options: nosniff
X-Download-Options: noopen
X-Frame-Options: SAMEORIGIN
X-Permitted-Cross-Domain-Policies: none
X-XSS-Protection: 1; mode=block

{"fulfillmentText":"So, you're planning *remote* work *February 17, 2019* - *February 18, 2019*, correct?","outputContexts":[{"name":"projects\/absencebot\/agent\/sessions\/676f5d76-6466-4fa6-9df4-659ba7bad991\/contexts\/absenceday-full","parameters":{"date-period":{"endDate":"2019-02-18T14:49:09+00:00","startDate":"2019-02-17T12:00:00+00:00"},"reason":"remote"},"lifespanCount":2}]}
