POST http://localhost:8080/dialogflow
Authorization: Basic aGVsbG86d29ybGQ=

{"session":"projects\/absencebot\/agent\/sessions\/676f5d76-6466-4fa6-9df4-659ba7bad991","queryResult":{"action":"absenceday.absenceday-full","outputContexts":[{"name":"projects\/absencebot\/agent\/sessions\/676f5d76-6466-4fa6-9df4-659ba7bad991\/contexts\/absenceday-followup","parameters":{"date":"2019-01-01T12:00:00Z","reason":"illness"},"lifespanCount":5}]},"originalDetectIntentRequest":{"payload":{"data":{"event":{"channel":"DDNGJ2SLE","user":"U456V5Q4E"}}}}}

200 OK
Content-Length: 321
Content-Type: application/json
Referrer-Policy: strict-origin-when-cross-origin
X-Content-Type-Options: nosniff
X-Download-Options: noopen
X-Frame-Options: SAMEORIGIN
X-Permitted-Cross-Domain-Policies: none
X-XSS-Protection: 1; mode=block

{"fulfillmentText":"So, you feel *sick* and you are going to take day(s) off *January 1, 2019*, correct?","outputContexts":[{"name":"projects\/absencebot\/agent\/sessions\/676f5d76-6466-4fa6-9df4-659ba7bad991\/contexts\/absenceday-full","parameters":{"date":"2019-01-01T12:00:00Z","reason":"illness"},"lifespanCount":2}]}
